Fatal error: exception Exceptions.IllegalUnaryOp("!num")
