Fatal error: exception Exceptions.NotYetSupported("cast not currently supported from char * to class MOUSE. See: (class MOUSE) value")
