Fatal error: exception Exceptions.InvalidArrayAccess("index exceeds array size, using index 10 in greetings, an array of size 3")
