Fatal error: exception Exceptions.InvalidArrayAccess("array indexing is only available for array types: attempting index on 'result' of type char *")
