

Main()
{
	char * condition;
	if (4 < 10)
	condition = "math is the only Truth";
	if (4 == 4)	condition = "same same";
	else		condition = "not same same";
	if ("kittens" == "puppies")	{
	condition = "this is not the correct answer. ";
	condition = condition + "you have to pick a team";
	}
	else		{
	condition = "clearly kittens are cuter";
	condition = condition + "or are they?";
	}
	return condition;
}

