

Say_Hello()
{
	char * username;
	char * message;
	username = Get_User_Name();
	message = "hello, " + username;
	printf("%X\n", message);
	Fstphrase();
	free(message);
	free(username);
}

int Main()
{
	Say_Hello();
	Sndphrase();
	Fstphrase();
	return 0;
}

Sndphrase()
{
	printf("%X\n", "My least favorite color is yellow");
	Get_User_Name();
}

char * Get_User_Name()
{
	char * username;
	printf("%X\n", "What is your name? ");
	Scan(username);
	return username;
}

Colors()
{
	char * green = "green";
	char * red = "red";
}

Fstphrase()
{
	printf("%X\n", "My favorite color is blue ");
}

int Main()
{
	Say_Hello();
	Sndphrase();
	Fstphrase();
	return 0;
}

