

Main()
{
	float index = 1.0;
	char * result;
	char * [3] greetings = [ "string 1", "string 2" ];
	result = greetings[index];
	free(greetings);
}

