

Main()
{
	int result = 100;
	result = result[0];
}

