

Main()
{
}

Class FELINES {



}

Class FELINES {



}
