

Main()
{
	bool X = true;
	char * Y = "Hello";
	X + Y;
}

