

Main()
{
	bool boolean = true;
	int value = 2;
	value != boolean;
}

