

Main()
{
	char * value = "value";
	value[0] = "new value";
}

