

Main()
{
	char * result;
	char * [3] greetings = [ "string 1", "string 2" ];
	result = greetings[10];
	free(greetings);
}

