

Main()
{
	char * star = "hello";
	int [star] cool_array = [ 1, 2, 3 ];
}

