

Main()
{
	char * result = "A string!";
	result = result[0];
}

