

Main()
{
	int ten = 10;
	int eleven = 11;
	int ten_again = 10;
	printf("%X\n", ten != eleven);
	printf("%X\n", ten != ten_again);
	printf("%X\n", ten == ten_again);
	printf("%X\n", ten == eleven);
}

