

int Main()
{
	printf("%X\n", "hello world\n");
	return 0;
}

Class PERSON {

	int height_inches = 70;
	char * name = "Alexandra";

	char * Get_Name()
	{
	return name;
	}

}
