

Main()
{
	int jerrys_cookies;
	class MOUSE Jerry;
	jerrys_cookies = Jerry.cookies;
	Jerry.cookies = 2;
	Jerry.Give_Cookie(2);
	jerrys_cookies = Jerry.Count_Cookies();
	free(Jerry);
}

int Rando()
{
	return 0;
}

Class MOUSE {

	int cookies = 0;

	Give_Cookie(int count_cookies)
	{
	cookies = cookies + count_cookies;
	}
	int Count_Cookies()
	{
	return cookies;
	}

}
