

Main()
{
	int ten = 10;
	float fifteen = 15.4;
	printf("%X\n", ten < fifteen && fifteen > ten);
	printf("%X\n", fifteen < ten && fifteen > ten);
	printf("%X\n", fifteen < ten || fifteen > ten);
	printf("%X\n", fifteen < ten || ten > fifteen);
}

