Fatal error: exception Exceptions.ObjectCreationInvalid("you can only create objects from classes, found: int count")
