Fatal error: exception Exceptions.VariableNotFound("undeclared identifier:  size")
