Fatal error: exception Exceptions.IllegalBinaryOp("unexpected types in binary op (int and char *): X < Y")
