Fatal error: exception Exceptions.ImportNotFound("illegal import name colors")
