Fatal error: exception Exceptions.MethodArgumentLengthMismatch("expected different number of arguments for method: Give_Cookie (got 0, expected 1)")
