Fatal error: exception Exceptions.CastUnnecessary("cast is redundant here: (float) value")
