count is still more than 10. count is: 20
count is still more than 10. count is: 19
count is still more than 10. count is: 18
count is still more than 10. count is: 17
count is still more than 10. count is: 16
count is still more than 10. count is: 15
count is still more than 10. count is: 14
count is still more than 10. count is: 13
count is still more than 10. count is: 12
count is still more than 10. count is: 11
